Archive member included to satisfy reference by file (symbol)

/home/andre/Ac6/SystemWorkbench/plugins/fr.ac6.mcu.externaltools.arm-none.linux64_1.15.0.201708311556/tools/compiler/bin/../lib/gcc/arm-none-eabi/6.3.1/../../../../arm-none-eabi/lib/thumb/v7-m/libc.a(lib_a-errno.o)
                              src/syscalls.o (__errno)
/home/andre/Ac6/SystemWorkbench/plugins/fr.ac6.mcu.externaltools.arm-none.linux64_1.15.0.201708311556/tools/compiler/bin/../lib/gcc/arm-none-eabi/6.3.1/../../../../arm-none-eabi/lib/thumb/v7-m/libc.a(lib_a-exit.o)
                              /home/andre/Ac6/SystemWorkbench/plugins/fr.ac6.mcu.externaltools.arm-none.linux64_1.15.0.201708311556/tools/compiler/bin/../lib/gcc/arm-none-eabi/6.3.1/../../../../arm-none-eabi/lib/thumb/v7-m/crt0.o (exit)
/home/andre/Ac6/SystemWorkbench/plugins/fr.ac6.mcu.externaltools.arm-none.linux64_1.15.0.201708311556/tools/compiler/bin/../lib/gcc/arm-none-eabi/6.3.1/../../../../arm-none-eabi/lib/thumb/v7-m/libc.a(lib_a-impure.o)
                              /home/andre/Ac6/SystemWorkbench/plugins/fr.ac6.mcu.externaltools.arm-none.linux64_1.15.0.201708311556/tools/compiler/bin/../lib/gcc/arm-none-eabi/6.3.1/../../../../arm-none-eabi/lib/thumb/v7-m/libc.a(lib_a-exit.o) (_global_impure_ptr)
/home/andre/Ac6/SystemWorkbench/plugins/fr.ac6.mcu.externaltools.arm-none.linux64_1.15.0.201708311556/tools/compiler/bin/../lib/gcc/arm-none-eabi/6.3.1/../../../../arm-none-eabi/lib/thumb/v7-m/libc.a(lib_a-init.o)
                              /home/andre/Ac6/SystemWorkbench/plugins/fr.ac6.mcu.externaltools.arm-none.linux64_1.15.0.201708311556/tools/compiler/bin/../lib/gcc/arm-none-eabi/6.3.1/../../../../arm-none-eabi/lib/thumb/v7-m/crt0.o (__libc_init_array)
/home/andre/Ac6/SystemWorkbench/plugins/fr.ac6.mcu.externaltools.arm-none.linux64_1.15.0.201708311556/tools/compiler/bin/../lib/gcc/arm-none-eabi/6.3.1/../../../../arm-none-eabi/lib/thumb/v7-m/libc.a(lib_a-memset.o)
                              /home/andre/Ac6/SystemWorkbench/plugins/fr.ac6.mcu.externaltools.arm-none.linux64_1.15.0.201708311556/tools/compiler/bin/../lib/gcc/arm-none-eabi/6.3.1/../../../../arm-none-eabi/lib/thumb/v7-m/crt0.o (memset)
/home/andre/Ac6/SystemWorkbench/plugins/fr.ac6.mcu.externaltools.arm-none.linux64_1.15.0.201708311556/tools/compiler/bin/../lib/gcc/arm-none-eabi/6.3.1/../../../../arm-none-eabi/lib/thumb/v7-m/libc.a(lib_a-sprintf.o)
                              src/lcd.o (sprintf)
/home/andre/Ac6/SystemWorkbench/plugins/fr.ac6.mcu.externaltools.arm-none.linux64_1.15.0.201708311556/tools/compiler/bin/../lib/gcc/arm-none-eabi/6.3.1/../../../../arm-none-eabi/lib/thumb/v7-m/libc.a(lib_a-strlen-stub.o)
                              src/lcd.o (strlen)
/home/andre/Ac6/SystemWorkbench/plugins/fr.ac6.mcu.externaltools.arm-none.linux64_1.15.0.201708311556/tools/compiler/bin/../lib/gcc/arm-none-eabi/6.3.1/../../../../arm-none-eabi/lib/thumb/v7-m/libc.a(lib_a-svfprintf.o)
                              /home/andre/Ac6/SystemWorkbench/plugins/fr.ac6.mcu.externaltools.arm-none.linux64_1.15.0.201708311556/tools/compiler/bin/../lib/gcc/arm-none-eabi/6.3.1/../../../../arm-none-eabi/lib/thumb/v7-m/libc.a(lib_a-sprintf.o) (_svfprintf_r)
/home/andre/Ac6/SystemWorkbench/plugins/fr.ac6.mcu.externaltools.arm-none.linux64_1.15.0.201708311556/tools/compiler/bin/../lib/gcc/arm-none-eabi/6.3.1/../../../../arm-none-eabi/lib/thumb/v7-m/libc.a(lib_a-__call_atexit.o)
                              /home/andre/Ac6/SystemWorkbench/plugins/fr.ac6.mcu.externaltools.arm-none.linux64_1.15.0.201708311556/tools/compiler/bin/../lib/gcc/arm-none-eabi/6.3.1/../../../../arm-none-eabi/lib/thumb/v7-m/libc.a(lib_a-exit.o) (__call_exitprocs)
/home/andre/Ac6/SystemWorkbench/plugins/fr.ac6.mcu.externaltools.arm-none.linux64_1.15.0.201708311556/tools/compiler/bin/../lib/gcc/arm-none-eabi/6.3.1/../../../../arm-none-eabi/lib/thumb/v7-m/libc.a(lib_a-atexit.o)
                              /home/andre/Ac6/SystemWorkbench/plugins/fr.ac6.mcu.externaltools.arm-none.linux64_1.15.0.201708311556/tools/compiler/bin/../lib/gcc/arm-none-eabi/6.3.1/../../../../arm-none-eabi/lib/thumb/v7-m/libc.a(lib_a-__call_atexit.o) (atexit)
/home/andre/Ac6/SystemWorkbench/plugins/fr.ac6.mcu.externaltools.arm-none.linux64_1.15.0.201708311556/tools/compiler/bin/../lib/gcc/arm-none-eabi/6.3.1/../../../../arm-none-eabi/lib/thumb/v7-m/libc.a(lib_a-dtoa.o)
                              /home/andre/Ac6/SystemWorkbench/plugins/fr.ac6.mcu.externaltools.arm-none.linux64_1.15.0.201708311556/tools/compiler/bin/../lib/gcc/arm-none-eabi/6.3.1/../../../../arm-none-eabi/lib/thumb/v7-m/libc.a(lib_a-svfprintf.o) (_dtoa_r)
/home/andre/Ac6/SystemWorkbench/plugins/fr.ac6.mcu.externaltools.arm-none.linux64_1.15.0.201708311556/tools/compiler/bin/../lib/gcc/arm-none-eabi/6.3.1/../../../../arm-none-eabi/lib/thumb/v7-m/libc.a(lib_a-fini.o)
[...]
Memory Configuration

Name             Origin             Length             Attributes
RAM              0x0000000020000000 0x0000000000005000 xrw
ROM              0x0000000008000000 0x0000000000020000 xr
*default*        0x0000000000000000 0xffffffffffffffff

Linker script and memory map

LOAD /home/andre/Ac6/SystemWorkbench/plugins/fr.ac6.mcu.externaltools.arm-none.linux64_1.15.0.201708311556/tools/compiler/bin/../lib/gcc/arm-none-eabi/6.3.1/thumb/v7-m/crti.o
LOAD /home/andre/Ac6/SystemWorkbench/plugins/fr.ac6.mcu.externaltools.arm-none.linux64_1.15.0.201708311556/tools/compiler/bin/../lib/gcc/arm-none-eabi/6.3.1/thumb/v7-m/crtbegin.o
LOAD /home/andre/Ac6/SystemWorkbench/plugins/fr.ac6.mcu.externaltools.arm-none.linux64_1.15.0.201708311556/tools/compiler/bin/../lib/gcc/arm-none-eabi/6.3.1/../../../../arm-none-eabi/lib/thumb/v7-m/crt0.o
LOAD CMSIS/core/core_cm3.o
LOAD StdPeriph_Driver/src/misc.o
LOAD StdPeriph_Driver/src/stm32f10x_adc.o
LOAD StdPeriph_Driver/src/stm32f10x_bkp.o
LOAD StdPeriph_Driver/src/stm32f10x_can.o
LOAD StdPeriph_Driver/src/stm32f10x_cec.o
LOAD StdPeriph_Driver/src/stm32f10x_crc.o
LOAD StdPeriph_Driver/src/stm32f10x_dac.o
LOAD StdPeriph_Driver/src/stm32f10x_dbgmcu.o
LOAD StdPeriph_Driver/src/stm32f10x_dma.o
LOAD StdPeriph_Driver/src/stm32f10x_exti.o
LOAD StdPeriph_Driver/src/stm32f10x_flash.o
LOAD StdPeriph_Driver/src/stm32f10x_fsmc.o
LOAD StdPeriph_Driver/src/stm32f10x_gpio.o
LOAD StdPeriph_Driver/src/stm32f10x_i2c.o
LOAD StdPeriph_Driver/src/stm32f10x_iwdg.o
LOAD StdPeriph_Driver/src/stm32f10x_pwr.o
LOAD StdPeriph_Driver/src/stm32f10x_rcc.o
LOAD StdPeriph_Driver/src/stm32f10x_rtc.o
LOAD StdPeriph_Driver/src/stm32f10x_sdio.o
LOAD StdPeriph_Driver/src/stm32f10x_spi.o
LOAD StdPeriph_Driver/src/stm32f10x_tim.o
LOAD StdPeriph_Driver/src/stm32f10x_usart.o
LOAD StdPeriph_Driver/src/stm32f10x_wwdg.o
LOAD src/lcd.o
LOAD src/main.o
LOAD src/stm32f10x_it.o
LOAD src/syscalls.o
LOAD startup/startup_stm32.o
LOAD /home/andre/Ac6/SystemWorkbench/plugins/fr.ac6.mcu.externaltools.arm-none.linux64_1.15.0.201708311556/tools/compiler/bin/../lib/gcc/arm-none-eabi/6.3.1/../../../../arm-none-eabi/lib/thumb/v7-m/libm.a
START GROUP
LOAD /home/andre/Ac6/SystemWorkbench/plugins/fr.ac6.mcu.externaltools.arm-none.linux64_1.15.0.201708311556/tools/compiler/bin/../lib/gcc/arm-none-eabi/6.3.1/thumb/v7-m/libgcc.a
LOAD /home/andre/Ac6/SystemWorkbench/plugins/fr.ac6.mcu.externaltools.arm-none.linux64_1.15.0.201708311556/tools/compiler/bin/../lib/gcc/arm-none-eabi/6.3.1/../../../../arm-none-eabi/lib/thumb/v7-m/libc.a
END GROUP
LOAD /home/andre/Ac6/SystemWorkbench/plugins/fr.ac6.mcu.externaltools.arm-none.linux64_1.15.0.201708311556/tools/compiler/bin/../lib/gcc/arm-none-eabi/6.3.1/thumb/v7-m/crtend.o
LOAD /home/andre/Ac6/SystemWorkbench/plugins/fr.ac6.mcu.externaltools.arm-none.linux64_1.15.0.201708311556/tools/compiler/bin/../lib/gcc/arm-none-eabi/6.3.1/thumb/v7-m/crtn.o
                0x0000000020005000                _estack = 0x20005000
                0x0000000000000000                _Min_Heap_Size = 0x0
                0x0000000000000400                _Min_Stack_Size = 0x400

.isr_vector     0x0000000008000000      0x10c
                0x0000000008000000                . = ALIGN (0x4)
 *(.isr_vector)
 .isr_vector    0x0000000008000000      0x10c startup/startup_stm32.o
                0x0000000008000000                g_pfnVectors
                0x000000000800010c                . = ALIGN (0x4)

.text           0x000000000800010c     0x13bc
                0x000000000800010c                . = ALIGN (0x4)
 *(.text)
 .text          0x000000000800010c       0x6c /home/andre/Ac6/SystemWorkbench/plugins/fr.ac6.mcu.externaltools.arm-none.linux64_1.15.0.201708311556/tools/compiler/bin/../lib/gcc/arm-none-eabi/6.3.1/thumb/v7-m/crtbegin.o
 *(.text*)
 .text.NVIC_PriorityGroupConfig
                0x0000000008000178       0x24 StdPeriph_Driver/src/misc.o
                0x0000000008000178                NVIC_PriorityGroupConfig
 .text.NVIC_Init
                0x000000000800019c       0xc4 StdPeriph_Driver/src/misc.o
                0x000000000800019c                NVIC_Init
 .text.FLASH_SetLatency
                0x0000000008000260       0x38 StdPeriph_Driver/src/stm32f10x_flash.o
                0x0000000008000260                FLASH_SetLatency
 .text.FLASH_PrefetchBufferCmd
                0x0000000008000298       0x30 StdPeriph_Driver/src/stm32f10x_flash.o
                0x0000000008000298                FLASH_PrefetchBufferCmd
 .text.GPIO_Init
                0x00000000080002c8      0x178 StdPeriph_Driver/src/stm32f10x_gpio.o
                0x00000000080002c8                GPIO_Init
 .text.GPIO_ReadOutputDataBit
                0x0000000008000440       0x32 StdPeriph_Driver/src/stm32f10x_gpio.o
                0x0000000008000440                GPIO_ReadOutputDataBit
 .text.GPIO_WriteBit
                0x0000000008000472       0x2e StdPeriph_Driver/src/stm32f10x_gpio.o
                0x0000000008000472                GPIO_WriteBit
 .text.RCC_DeInit
                0x00000000080004a0       0x5c StdPeriph_Driver/src/stm32f10x_rcc.o
                0x00000000080004a0                RCC_DeInit
 .text.RCC_HSEConfig
                0x00000000080004fc       0x5c StdPeriph_Driver/src/stm32f10x_rcc.o
                0x00000000080004fc                RCC_HSEConfig
 .text.RCC_WaitForHSEStartUp
                0x0000000008000558       0x50 StdPeriph_Driver/src/stm32f10x_rcc.o
                0x0000000008000558                RCC_WaitForHSEStartUp
 .text.RCC_PLLConfig
                0x00000000080005a8       0x3c StdPeriph_Driver/src/stm32f10x_rcc.o
                0x00000000080005a8                RCC_PLLConfig
 .text.RCC_PLLCmd
                0x00000000080005e4       0x20 StdPeriph_Driver/src/stm32f10x_rcc.o
                0x00000000080005e4                RCC_PLLCmd
 .text.RCC_SYSCLKConfig
                0x0000000008000604       0x38 StdPeriph_Driver/src/stm32f10x_rcc.o
                0x0000000008000604                RCC_SYSCLKConfig
 .text.RCC_GetSYSCLKSource
                0x000000000800063c       0x1c StdPeriph_Driver/src/stm32f10x_rcc.o
                0x000000000800063c                RCC_GetSYSCLKSource
 .text.RCC_HCLKConfig
                0x0000000008000658       0x38 StdPeriph_Driver/src/stm32f10x_rcc.o
                0x0000000008000658                RCC_HCLKConfig
 .text.RCC_PCLK1Config
                0x0000000008000690       0x38 StdPeriph_Driver/src/stm32f10x_rcc.o
                0x0000000008000690                RCC_PCLK1Config
 .text.RCC_PCLK2Config
                0x00000000080006c8       0x38 StdPeriph_Driver/src/stm32f10x_rcc.o
                0x00000000080006c8                RCC_PCLK2Config
 .text.RCC_GetClocksFreq
                0x0000000008000700      0x168 StdPeriph_Driver/src/stm32f10x_rcc.o
                0x0000000008000700                RCC_GetClocksFreq
 .text.RCC_APB2PeriphClockCmd
                0x0000000008000868       0x3c StdPeriph_Driver/src/stm32f10x_rcc.o
                0x0000000008000868                RCC_APB2PeriphClockCmd
 .text.RCC_APB1PeriphClockCmd
                0x00000000080008a4       0x3c StdPeriph_Driver/src/stm32f10x_rcc.o
                0x00000000080008a4                RCC_APB1PeriphClockCmd
 .text.RCC_GetFlagStatus
                0x00000000080008e0       0x74 StdPeriph_Driver/src/stm32f10x_rcc.o
                0x00000000080008e0                RCC_GetFlagStatus
 .text.TIM_TimeBaseInit
                0x0000000008000954       0xf8 StdPeriph_Driver/src/stm32f10x_tim.o
                0x0000000008000954                TIM_TimeBaseInit
 .text.TIM_Cmd  0x0000000008000a4c       0x3e StdPeriph_Driver/src/stm32f10x_tim.o
                0x0000000008000a4c                TIM_Cmd
 .text.TIM_GetFlagStatus
                0x0000000008000a8a       0x36 StdPeriph_Driver/src/stm32f10x_tim.o
                0x0000000008000a8a                TIM_GetFlagStatus
 .text.TIM_ClearFlag
                0x0000000008000ac0       0x20 StdPeriph_Driver/src/stm32f10x_tim.o
                0x0000000008000ac0                TIM_ClearFlag
 .text.USART_Init
                0x0000000008000ae0      0x174 StdPeriph_Driver/src/stm32f10x_usart.o
                0x0000000008000ae0                USART_Init
 .text.USART_Cmd
                0x0000000008000c54       0x3e StdPeriph_Driver/src/stm32f10x_usart.o
                0x0000000008000c54                USART_Cmd
 .text.USART_ITConfig
                0x0000000008000c92       0x8e StdPeriph_Driver/src/stm32f10x_usart.o
                0x0000000008000c92                USART_ITConfig
 .text.USART_SendData
                0x0000000008000d20       0x22 StdPeriph_Driver/src/stm32f10x_usart.o
                0x0000000008000d20                USART_SendData
 .text.USART_ReceiveData
                0x0000000008000d42       0x1e StdPeriph_Driver/src/stm32f10x_usart.o
                0x0000000008000d42                USART_ReceiveData
 .text.USART_GetFlagStatus
                0x0000000008000d60       0x36 StdPeriph_Driver/src/stm32f10x_usart.o
                0x0000000008000d60                USART_GetFlagStatus
 .text.USART_GetITStatus
                0x0000000008000d96       0xb4 StdPeriph_Driver/src/stm32f10x_usart.o
                0x0000000008000d96                USART_GetITStatus
 .text.USART_ClearITPendingBit
                0x0000000008000e4a       0x38 StdPeriph_Driver/src/stm32f10x_usart.o
                0x0000000008000e4a                USART_ClearITPendingBit
 *fill*         0x0000000008000e82        0x2 
 .text.main     0x0000000008000e84       0x74 src/main.o
                0x0000000008000e84                main
 .text.RCC_Config_HSE_PLL_Max
                0x0000000008000ef8       0x7c src/main.o
                0x0000000008000ef8                RCC_Config_HSE_PLL_Max
 .text.NVIC_Config
                0x0000000008000f74       0x40 src/main.o
                0x0000000008000f74                NVIC_Config
 .text.GPIO_Config
                0x0000000008000fb4       0x6c src/main.o
                0x0000000008000fb4                GPIO_Config
 .text.TIM3_Config
                0x0000000008001020       0x40 src/main.o
                0x0000000008001020                TIM3_Config
 .text.USART2_Config
                0x0000000008001060       0x48 src/main.o
                0x0000000008001060                USART2_Config
 .text.WWDG_IRQHandler
                0x00000000080010a8        0xc src/stm32f10x_it.o
                0x00000000080010a8                WWDG_IRQHandler
 .text.PVD_IRQHandler
                0x00000000080010b4        0xc src/stm32f10x_it.o
                0x00000000080010b4                PVD_IRQHandler
 .text.TAMPER_IRQHandler
                0x00000000080010c0        0xc src/stm32f10x_it.o
                0x00000000080010c0                TAMPER_IRQHandler
 .text.RTC_IRQHandler
                0x00000000080010cc        0xc src/stm32f10x_it.o
                0x00000000080010cc                RTC_IRQHandler
 .text.FLASH_IRQHandler
                0x00000000080010d8        0xc src/stm32f10x_it.o
                0x00000000080010d8                FLASH_IRQHandler
 .text.RCC_IRQHandler
                0x00000000080010e4        0xc src/stm32f10x_it.o
                0x00000000080010e4                RCC_IRQHandler
 .text.EXTI0_IRQHandler
                0x00000000080010f0        0xc src/stm32f10x_it.o
                0x00000000080010f0                EXTI0_IRQHandler
 .text.EXTI1_IRQHandler
                0x00000000080010fc        0xc src/stm32f10x_it.o
                0x00000000080010fc                EXTI1_IRQHandler
 .text.EXTI2_IRQHandler
                0x0000000008001108        0xc src/stm32f10x_it.o
                0x0000000008001108                EXTI2_IRQHandler
 .text.EXTI3_IRQHandler
                0x0000000008001114        0xc src/stm32f10x_it.o
                0x0000000008001114                EXTI3_IRQHandler
 .text.EXTI4_IRQHandler
                0x0000000008001120        0xc src/stm32f10x_it.o
                0x0000000008001120                EXTI4_IRQHandler
 .text.DMA1_Channel1_IRQHandler
                0x000000000800112c        0xc src/stm32f10x_it.o
                0x000000000800112c                DMA1_Channel1_IRQHandler
 .text.DMA1_Channel2_IRQHandler
                0x0000000008001138        0xc src/stm32f10x_it.o
                0x0000000008001138                DMA1_Channel2_IRQHandler
 .text.DMA1_Channel3_IRQHandler
                0x0000000008001144        0xc src/stm32f10x_it.o
                0x0000000008001144                DMA1_Channel3_IRQHandler
 .text.DMA1_Channel4_IRQHandler
                0x0000000008001150        0xc src/stm32f10x_it.o
                0x0000000008001150                DMA1_Channel4_IRQHandler
 .text.DMA1_Channel5_IRQHandler
                0x000000000800115c        0xc src/stm32f10x_it.o
                0x000000000800115c                DMA1_Channel5_IRQHandler
 .text.DMA1_Channel6_IRQHandler
                0x0000000008001168        0xc src/stm32f10x_it.o
                0x0000000008001168                DMA1_Channel6_IRQHandler
 .text.DMA1_Channel7_IRQHandler
                0x0000000008001174        0xc src/stm32f10x_it.o
                0x0000000008001174                DMA1_Channel7_IRQHandler
 .text.ADC1_2_IRQHandler
                0x0000000008001180        0xc src/stm32f10x_it.o
                0x0000000008001180                ADC1_2_IRQHandler
 .text.EXTI9_5_IRQHandler
                0x000000000800118c        0xc src/stm32f10x_it.o
                0x000000000800118c                EXTI9_5_IRQHandler
 .text.TIM1_BRK_IRQHandler
                0x0000000008001198        0xc src/stm32f10x_it.o
                0x0000000008001198                TIM1_BRK_IRQHandler
 .text.TIM1_UP_IRQHandler
                0x00000000080011a4        0xc src/stm32f10x_it.o
                0x00000000080011a4                TIM1_UP_IRQHandler
 .text.TIM1_TRG_COM_IRQHandler
                0x00000000080011b0        0xc src/stm32f10x_it.o
                0x00000000080011b0                TIM1_TRG_COM_IRQHandler
 .text.TIM1_CC_IRQHandler
                0x00000000080011bc        0xc src/stm32f10x_it.o
                0x00000000080011bc                TIM1_CC_IRQHandler
 .text.TIM2_IRQHandler
                0x00000000080011c8        0xc src/stm32f10x_it.o
                0x00000000080011c8                TIM2_IRQHandler
 .text.TIM3_IRQHandler
                0x00000000080011d4        0xc src/stm32f10x_it.o
                0x00000000080011d4                TIM3_IRQHandler
 .text.TIM4_IRQHandler
                0x00000000080011e0        0xc src/stm32f10x_it.o
                0x00000000080011e0                TIM4_IRQHandler
 .text.I2C1_EV_IRQHandler
                0x00000000080011ec        0xc src/stm32f10x_it.o
                0x00000000080011ec                I2C1_EV_IRQHandler
 .text.I2C1_ER_IRQHandler
                0x00000000080011f8        0xc src/stm32f10x_it.o
                0x00000000080011f8                I2C1_ER_IRQHandler
 .text.I2C2_EV_IRQHandler
                0x0000000008001204        0xc src/stm32f10x_it.o
                0x0000000008001204                I2C2_EV_IRQHandler
 .text.I2C2_ER_IRQHandler
                0x0000000008001210        0xc src/stm32f10x_it.o
                0x0000000008001210                I2C2_ER_IRQHandler
 .text.SPI1_IRQHandler
                0x000000000800121c        0xc src/stm32f10x_it.o
                0x000000000800121c                SPI1_IRQHandler
 .text.SPI2_IRQHandler
                0x0000000008001228        0xc src/stm32f10x_it.o
                0x0000000008001228                SPI2_IRQHandler
 .text.USART1_IRQHandler
                0x0000000008001234        0xc src/stm32f10x_it.o
                0x0000000008001234                USART1_IRQHandler
 .text.USART2_IRQHandler
                0x0000000008001240       0x88 src/stm32f10x_it.o
                0x0000000008001240                USART2_IRQHandler
 .text.USART3_IRQHandler
                0x00000000080012c8        0xc src/stm32f10x_it.o
                0x00000000080012c8                USART3_IRQHandler
 .text.EXTI15_10_IRQHandler
                0x00000000080012d4        0xc src/stm32f10x_it.o
                0x00000000080012d4                EXTI15_10_IRQHandler
 .text.RTCAlarm_IRQHandler
                0x00000000080012e0        0xc src/stm32f10x_it.o
                0x00000000080012e0                RTCAlarm_IRQHandler
 .text.USBWakeUp_IRQHandler
                0x00000000080012ec        0xc src/stm32f10x_it.o
                0x00000000080012ec                USBWakeUp_IRQHandler
 .text.Reset_Handler
                0x00000000080012f8       0x44 startup/startup_stm32.o
                0x00000000080012f8                Reset_Handler
 .text.Default_Handler
                0x000000000800133c        0x2 startup/startup_stm32.o
                0x000000000800133c                DebugMon_Handler
                0x000000000800133c                HardFault_Handler
                0x000000000800133c                SysTick_Handler
                0x000000000800133c                PendSV_Handler
                0x000000000800133c                NMI_Handler
                0x000000000800133c                UsageFault_Handler
                0x000000000800133c                CAN1_RX1_IRQHandler
                0x000000000800133c                Default_Handler
                0x000000000800133c                MemManage_Handler
                0x000000000800133c                SVC_Handler
                0x000000000800133c                USB_LP_CAN1_RX0_IRQHandler
                0x000000000800133c                USB_HP_CAN1_TX_IRQHandler
                0x000000000800133c                CAN1_SCE_IRQHandler
                0x000000000800133c                BusFault_Handler
 *fill*         0x000000000800133e        0x2 
 .text.__libc_init_array
                0x0000000008001340       0x50 /home/andre/Ac6/SystemWorkbench/plugins/fr.ac6.mcu.externaltools.arm-none.linux64_1.15.0.201708311556/tools/compiler/bin/../lib/gcc/arm-none-eabi/6.3.1/../../../../arm-none-eabi/lib/thumb/v7-m/libc.a(lib_a-init.o)
                0x0000000008001340                __libc_init_array
 .text.startup.register_fini
                0x0000000008001390       0x14 /home/andre/Ac6/SystemWorkbench/plugins/fr.ac6.mcu.externaltools.arm-none.linux64_1.15.0.201708311556/tools/compiler/bin/../lib/gcc/arm-none-eabi/6.3.1/../../../../arm-none-eabi/lib/thumb/v7-m/libc.a(lib_a-__call_atexit.o)
 .text.atexit   0x00000000080013a4        0xc /home/andre/Ac6/SystemWorkbench/plugins/fr.ac6.mcu.externaltools.arm-none.linux64_1.15.0.201708311556/tools/compiler/bin/../lib/gcc/arm-none-eabi/6.3.1/../../../../arm-none-eabi/lib/thumb/v7-m/libc.a(lib_a-atexit.o)
                0x00000000080013a4                atexit
 .text.__libc_fini_array
                0x00000000080013b0       0x34 /home/andre/Ac6/SystemWorkbench/plugins/fr.ac6.mcu.externaltools.arm-none.linux64_1.15.0.201708311556/tools/compiler/bin/../lib/gcc/arm-none-eabi/6.3.1/../../../../arm-none-eabi/lib/thumb/v7-m/libc.a(lib_a-fini.o)
                0x00000000080013b0                __libc_fini_array
 .text.__retarget_lock_acquire_recursive
                0x00000000080013e4        0x4 /home/andre/Ac6/SystemWorkbench/plugins/fr.ac6.mcu.externaltools.arm-none.linux64_1.15.0.201708311556/tools/compiler/bin/../lib/gcc/arm-none-eabi/6.3.1/../../../../arm-none-eabi/lib/thumb/v7-m/libc.a(lib_a-lock.o)
                0x00000000080013e4                __retarget_lock_acquire_recursive
 .text.__retarget_lock_release_recursive
                0x00000000080013e8        0x4 /home/andre/Ac6/SystemWorkbench/plugins/fr.ac6.mcu.externaltools.arm-none.linux64_1.15.0.201708311556/tools/compiler/bin/../lib/gcc/arm-none-eabi/6.3.1/../../../../arm-none-eabi/lib/thumb/v7-m/libc.a(lib_a-lock.o)
                0x00000000080013e8                __retarget_lock_release_recursive
 .text.__register_exitproc
                0x00000000080013ec       0xc4 /home/andre/Ac6/SystemWorkbench/plugins/fr.ac6.mcu.externaltools.arm-none.linux64_1.15.0.201708311556/tools/compiler/bin/../lib/gcc/arm-none-eabi/6.3.1/../../../../arm-none-eabi/lib/thumb/v7-m/libc.a(lib_a-__atexit.o)
                0x00000000080013ec                __register_exitproc
 *(.glue_7)
 .glue_7        0x00000000080014b0        0x0 linker stubs
 *(.glue_7t)
 .glue_7t       0x00000000080014b0        0x0 linker stubs
 *(.eh_frame)
 .eh_frame      0x00000000080014b0        0x0 /home/andre/Ac6/SystemWorkbench/plugins/fr.ac6.mcu.externaltools.arm-none.linux64_1.15.0.201708311556/tools/compiler/bin/../lib/gcc/arm-none-eabi/6.3.1/thumb/v7-m/crtbegin.o
 *(.init)
 .init          0x00000000080014b0        0x4 /home/andre/Ac6/SystemWorkbench/plugins/fr.ac6.mcu.externaltools.arm-none.linux64_1.15.0.201708311556/tools/compiler/bin/../lib/gcc/arm-none-eabi/6.3.1/thumb/v7-m/crti.o
                0x00000000080014b0                _init
 .init          0x00000000080014b4        0x8 /home/andre/Ac6/SystemWorkbench/plugins/fr.ac6.mcu.externaltools.arm-none.linux64_1.15.0.201708311556/tools/compiler/bin/../lib/gcc/arm-none-eabi/6.3.1/thumb/v7-m/crtn.o
 *(.fini)
 .fini          0x00000000080014bc        0x4 /home/andre/Ac6/SystemWorkbench/plugins/fr.ac6.mcu.externaltools.arm-none.linux64_1.15.0.201708311556/tools/compiler/bin/../lib/gcc/arm-none-eabi/6.3.1/thumb/v7-m/crti.o
                0x00000000080014bc                _fini
 .fini          0x00000000080014c0        0x8 /home/andre/Ac6/SystemWorkbench/plugins/fr.ac6.mcu.externaltools.arm-none.linux64_1.15.0.201708311556/tools/compiler/bin/../lib/gcc/arm-none-eabi/6.3.1/thumb/v7-m/crtn.o
                0x00000000080014c8                . = ALIGN (0x4)
                0x00000000080014c8                _etext = .

.vfp11_veneer   0x00000000080014c8        0x0
 .vfp11_veneer  0x00000000080014c8        0x0 linker stubs

.v4_bx          0x00000000080014c8        0x0
 .v4_bx         0x00000000080014c8        0x0 linker stubs

.iplt           0x00000000080014c8        0x0
 .iplt          0x00000000080014c8        0x0 /home/andre/Ac6/SystemWorkbench/plugins/fr.ac6.mcu.externaltools.arm-none.linux64_1.15.0.201708311556/tools/compiler/bin/../lib/gcc/arm-none-eabi/6.3.1/thumb/v7-m/crtbegin.o

.rodata         0x00000000080014c8        0x4
                0x00000000080014c8                . = ALIGN (0x4)
 *(.rodata)
 *(.rodata*)
 .rodata._global_impure_ptr
                0x00000000080014c8        0x4 /home/andre/Ac6/SystemWorkbench/plugins/fr.ac6.mcu.externaltools.arm-none.linux64_1.15.0.201708311556/tools/compiler/bin/../lib/gcc/arm-none-eabi/6.3.1/../../../../arm-none-eabi/lib/thumb/v7-m/libc.a(lib_a-impure.o)
                0x00000000080014c8                _global_impure_ptr
                0x00000000080014cc                . = ALIGN (0x4)

.rel.dyn        0x00000000080014cc        0x0
 .rel.iplt      0x00000000080014cc        0x0 /home/andre/Ac6/SystemWorkbench/plugins/fr.ac6.mcu.externaltools.arm-none.linux64_1.15.0.201708311556/tools/compiler/bin/../lib/gcc/arm-none-eabi/6.3.1/thumb/v7-m/crtbegin.o

.ARM.extab      0x00000000080014cc        0x0
                0x00000000080014cc                . = ALIGN (0x4)
 *(.ARM.extab* .gnu.linkonce.armextab.*)
                0x00000000080014cc                . = ALIGN (0x4)

.ARM            0x00000000080014cc        0x0
                0x00000000080014cc                . = ALIGN (0x4)
                0x00000000080014cc                __exidx_start = .
 *(.ARM.exidx*)
                0x00000000080014cc                __exidx_end = .
                0x00000000080014cc                . = ALIGN (0x4)

.preinit_array  0x00000000080014cc        0x0
                0x00000000080014cc                . = ALIGN (0x4)
                0x00000000080014cc                PROVIDE (__preinit_array_start, .)
 *(.preinit_array*)
                0x00000000080014cc                PROVIDE (__preinit_array_end, .)
                0x00000000080014cc                . = ALIGN (0x4)

.init_array     0x00000000080014cc        0x8
                0x00000000080014cc                . = ALIGN (0x4)
                0x00000000080014cc                PROVIDE (__init_array_start, .)
 *(SORT(.init_array.*))
 .init_array.00000
                0x00000000080014cc        0x4 /home/andre/Ac6/SystemWorkbench/plugins/fr.ac6.mcu.externaltools.arm-none.linux64_1.15.0.201708311556/tools/compiler/bin/../lib/gcc/arm-none-eabi/6.3.1/../../../../arm-none-eabi/lib/thumb/v7-m/libc.a(lib_a-__call_atexit.o)
 *(.init_array*)
 .init_array    0x00000000080014d0        0x4 /home/andre/Ac6/SystemWorkbench/plugins/fr.ac6.mcu.externaltools.arm-none.linux64_1.15.0.201708311556/tools/compiler/bin/../lib/gcc/arm-none-eabi/6.3.1/thumb/v7-m/crtbegin.o
                0x00000000080014d4                PROVIDE (__init_array_end, .)
                0x00000000080014d4                . = ALIGN (0x4)

.fini_array     0x00000000080014d4        0x4
                0x00000000080014d4                . = ALIGN (0x4)
                0x00000000080014d4                PROVIDE (__fini_array_start, .)
 *(SORT(.fini_array.*))
 *(.fini_array*)
 .fini_array    0x00000000080014d4        0x4 /home/andre/Ac6/SystemWorkbench/plugins/fr.ac6.mcu.externaltools.arm-none.linux64_1.15.0.201708311556/tools/compiler/bin/../lib/gcc/arm-none-eabi/6.3.1/thumb/v7-m/crtbegin.o
                0x00000000080014d8                PROVIDE (__fini_array_end, .)
                0x00000000080014d8                . = ALIGN (0x4)
                0x00000000080014d8                _sidata = LOADADDR (.data)

.data           0x0000000020000000      0x444 load address 0x00000000080014d8
                0x0000000020000000                . = ALIGN (0x4)
                0x0000000020000000                _sdata = .
 *(.data)
 .data          0x0000000020000000       0x14 StdPeriph_Driver/src/stm32f10x_rcc.o
 *(.data*)
 *fill*         0x0000000020000014        0x4 
 .data.impure_data
                0x0000000020000018      0x428 /home/andre/Ac6/SystemWorkbench/plugins/fr.ac6.mcu.externaltools.arm-none.linux64_1.15.0.201708311556/tools/compiler/bin/../lib/gcc/arm-none-eabi/6.3.1/../../../../arm-none-eabi/lib/thumb/v7-m/libc.a(lib_a-impure.o)
 .data.__atexit_recursive_mutex
                0x0000000020000440        0x4 /home/andre/Ac6/SystemWorkbench/plugins/fr.ac6.mcu.externaltools.arm-none.linux64_1.15.0.201708311556/tools/compiler/bin/../lib/gcc/arm-none-eabi/6.3.1/../../../../arm-none-eabi/lib/thumb/v7-m/libc.a(lib_a-__call_atexit.o)
                0x0000000020000440                __atexit_recursive_mutex
                0x0000000020000444                . = ALIGN (0x4)
                0x0000000020000444                _edata = .

.jcr            0x0000000020000444        0x0 load address 0x000000000800191c
 .jcr           0x0000000020000444        0x0 /home/andre/Ac6/SystemWorkbench/plugins/fr.ac6.mcu.externaltools.arm-none.linux64_1.15.0.201708311556/tools/compiler/bin/../lib/gcc/arm-none-eabi/6.3.1/thumb/v7-m/crtbegin.o

.igot.plt       0x0000000020000444        0x0 load address 0x000000000800191c
 .igot.plt      0x0000000020000444        0x0 /home/andre/Ac6/SystemWorkbench/plugins/fr.ac6.mcu.externaltools.arm-none.linux64_1.15.0.201708311556/tools/compiler/bin/../lib/gcc/arm-none-eabi/6.3.1/thumb/v7-m/crtbegin.o
                0x0000000020000444                . = ALIGN (0x4)

.bss            0x0000000020000444       0x44 load address 0x000000000800191c
                0x0000000020000444                _sbss = .
                0x0000000020000444                __bss_start__ = _sbss
 *(.bss)
 .bss           0x0000000020000444       0x1c /home/andre/Ac6/SystemWorkbench/plugins/fr.ac6.mcu.externaltools.arm-none.linux64_1.15.0.201708311556/tools/compiler/bin/../lib/gcc/arm-none-eabi/6.3.1/thumb/v7-m/crtbegin.o
 .bss           0x0000000020000460        0x1 src/main.o
                0x0000000020000460                flag_tx
 *(.bss*)
 *(COMMON)
 *fill*         0x0000000020000461        0x3 
 COMMON         0x0000000020000464       0x21 /home/andre/Ac6/SystemWorkbench/plugins/fr.ac6.mcu.externaltools.arm-none.linux64_1.15.0.201708311556/tools/compiler/bin/../lib/gcc/arm-none-eabi/6.3.1/../../../../arm-none-eabi/lib/thumb/v7-m/libc.a(lib_a-lock.o)
                0x0000000020000464                __lock___atexit_recursive_mutex
                0x0000000020000468                __lock___arc4random_mutex
                0x000000002000046c                __lock___env_recursive_mutex
                0x0000000020000470                __lock___sinit_recursive_mutex
                0x0000000020000474                __lock___malloc_recursive_mutex
                0x0000000020000478                __lock___at_quick_exit_mutex
                0x000000002000047c                __lock___dd_hash_mutex
                0x0000000020000480                __lock___tz_mutex
                0x0000000020000484                __lock___sfp_recursive_mutex
                0x0000000020000488                . = ALIGN (0x4)
 *fill*         0x0000000020000485        0x3 
                0x0000000020000488                _ebss = .
                0x0000000020000488                __bss_end__ = _ebss

._user_heap_stack
                0x0000000020000488      0x400 load address 0x000000000800191c
                0x0000000020000488                . = ALIGN (0x8)
                0x0000000020000488                PROVIDE (end, .)
                [!provide]                        PROVIDE (_end, .)
                0x0000000020000488                . = (. + _Min_Heap_Size)
                0x0000000020000888                . = (. + _Min_Stack_Size)
 *fill*         0x0000000020000488      0x400 
                0x0000000020000888                . = ALIGN (0x8)

/DISCARD/
 libc.a(*)
 libm.a(*)
 libgcc.a(*)

.ARM.attributes
                0x0000000000000000       0x29
 *(.ARM.attributes)
 .ARM.attributes
                0x0000000000000000       0x1d /home/andre/Ac6/SystemWorkbench/plugins/fr.ac6.mcu.externaltools.arm-none.linux64_1.15.0.201708311556/tools/compiler/bin/../lib/gcc/arm-none-eabi/6.3.1/thumb/v7-m/crti.o
 .ARM.attributes
                0x000000000000001d       0x2d /home/andre/Ac6/SystemWorkbench/plugins/fr.ac6.mcu.externaltools.arm-none.linux64_1.15.0.201708311556/tools/compiler/bin/../lib/gcc/arm-none-eabi/6.3.1/thumb/v7-m/crtbegin.o
 .ARM.attributes
                0x000000000000004a       0x33 StdPeriph_Driver/src/misc.o
 .ARM.attributes
                0x000000000000007d       0x33 StdPeriph_Driver/src/stm32f10x_flash.o
 .ARM.attributes
                0x00000000000000b0       0x33 StdPeriph_Driver/src/stm32f10x_gpio.o
 .ARM.attributes
                0x00000000000000e3       0x33 StdPeriph_Driver/src/stm32f10x_rcc.o
 .ARM.attributes
                0x0000000000000116       0x33 StdPeriph_Driver/src/stm32f10x_tim.o
 .ARM.attributes
                0x0000000000000149       0x33 StdPeriph_Driver/src/stm32f10x_usart.o
 .ARM.attributes
                0x000000000000017c       0x33 src/main.o
 .ARM.attributes
                0x00000000000001af       0x33 src/stm32f10x_it.o
 .ARM.attributes
                0x00000000000001e2       0x21 startup/startup_stm32.o
 .ARM.attributes
                0x0000000000000203       0x2d /home/andre/Ac6/SystemWorkbench/plugins/fr.ac6.mcu.externaltools.arm-none.linux64_1.15.0.201708311556/tools/compiler/bin/../lib/gcc/arm-none-eabi/6.3.1/../../../../arm-none-eabi/lib/thumb/v7-m/libc.a(lib_a-impure.o)
 .ARM.attributes
                0x0000000000000230       0x2d /home/andre/Ac6/SystemWorkbench/plugins/fr.ac6.mcu.externaltools.arm-none.linux64_1.15.0.201708311556/tools/compiler/bin/../lib/gcc/arm-none-eabi/6.3.1/../../../../arm-none-eabi/lib/thumb/v7-m/libc.a(lib_a-init.o)
 .ARM.attributes
                0x000000000000025d       0x2d /home/andre/Ac6/SystemWorkbench/plugins/fr.ac6.mcu.externaltools.arm-none.linux64_1.15.0.201708311556/tools/compiler/bin/../lib/gcc/arm-none-eabi/6.3.1/../../../../arm-none-eabi/lib/thumb/v7-m/libc.a(lib_a-__call_atexit.o)
 .ARM.attributes
                0x000000000000028a       0x2d /home/andre/Ac6/SystemWorkbench/plugins/fr.ac6.mcu.externaltools.arm-none.linux64_1.15.0.201708311556/tools/compiler/bin/../lib/gcc/arm-none-eabi/6.3.1/../../../../arm-none-eabi/lib/thumb/v7-m/libc.a(lib_a-atexit.o)
 .ARM.attributes
                0x00000000000002b7       0x2d /home/andre/Ac6/SystemWorkbench/plugins/fr.ac6.mcu.externaltools.arm-none.linux64_1.15.0.201708311556/tools/compiler/bin/../lib/gcc/arm-none-eabi/6.3.1/../../../../arm-none-eabi/lib/thumb/v7-m/libc.a(lib_a-fini.o)
 .ARM.attributes
                0x00000000000002e4       0x2d /home/andre/Ac6/SystemWorkbench/plugins/fr.ac6.mcu.externaltools.arm-none.linux64_1.15.0.201708311556/tools/compiler/bin/../lib/gcc/arm-none-eabi/6.3.1/../../../../arm-none-eabi/lib/thumb/v7-m/libc.a(lib_a-lock.o)
 .ARM.attributes
                0x0000000000000311       0x2d /home/andre/Ac6/SystemWorkbench/plugins/fr.ac6.mcu.externaltools.arm-none.linux64_1.15.0.201708311556/tools/compiler/bin/../lib/gcc/arm-none-eabi/6.3.1/../../../../arm-none-eabi/lib/thumb/v7-m/libc.a(lib_a-__atexit.o)
 .ARM.attributes
                0x000000000000033e       0x1d /home/andre/Ac6/SystemWorkbench/plugins/fr.ac6.mcu.externaltools.arm-none.linux64_1.15.0.201708311556/tools/compiler/bin/../lib/gcc/arm-none-eabi/6.3.1/thumb/v7-m/crtn.o
OUTPUT(USART.elf elf32-littlearm)

.debug_info     0x0000000000000000     0x5103
 .debug_info    0x0000000000000000      0x4ed StdPeriph_Driver/src/misc.o
 .debug_info    0x00000000000004ed      0x7b6 StdPeriph_Driver/src/stm32f10x_flash.o
 .debug_info    0x0000000000000ca3      0x6ef StdPeriph_Driver/src/stm32f10x_gpio.o
 .debug_info    0x0000000000001392      0x8a0 StdPeriph_Driver/src/stm32f10x_rcc.o
 .debug_info    0x0000000000001c32     0x1c59 StdPeriph_Driver/src/stm32f10x_tim.o
 .debug_info    0x000000000000388b      0x9e9 StdPeriph_Driver/src/stm32f10x_usart.o
 .debug_info    0x0000000000004274      0x859 src/main.o
 .debug_info    0x0000000000004acd      0x5d7 src/stm32f10x_it.o
 .debug_info    0x00000000000050a4       0x5f startup/startup_stm32.o

.debug_abbrev   0x0000000000000000      0xc9a
 .debug_abbrev  0x0000000000000000      0x184 StdPeriph_Driver/src/misc.o
 .debug_abbrev  0x0000000000000184      0x1a3 StdPeriph_Driver/src/stm32f10x_flash.o
 .debug_abbrev  0x0000000000000327      0x1e0 StdPeriph_Driver/src/stm32f10x_gpio.o
 .debug_abbrev  0x0000000000000507      0x1d2 StdPeriph_Driver/src/stm32f10x_rcc.o
 .debug_abbrev  0x00000000000006d9      0x1c6 StdPeriph_Driver/src/stm32f10x_tim.o
 .debug_abbrev  0x000000000000089f      0x192 StdPeriph_Driver/src/stm32f10x_usart.o
 .debug_abbrev  0x0000000000000a31      0x153 src/main.o
 .debug_abbrev  0x0000000000000b84      0x104 src/stm32f10x_it.o
 .debug_abbrev  0x0000000000000c88       0x12 startup/startup_stm32.o

.debug_aranges  0x0000000000000000      0x910
 .debug_aranges
                0x0000000000000000       0x40 StdPeriph_Driver/src/misc.o
 .debug_aranges
                0x0000000000000040       0xf8 StdPeriph_Driver/src/stm32f10x_flash.o
 .debug_aranges
                0x0000000000000138       0xa8 StdPeriph_Driver/src/stm32f10x_gpio.o
 .debug_aranges
                0x00000000000001e0      0x118 StdPeriph_Driver/src/stm32f10x_rcc.o
 .debug_aranges
                0x00000000000002f8      0x2f0 StdPeriph_Driver/src/stm32f10x_tim.o
 .debug_aranges
                0x00000000000005e8      0x100 StdPeriph_Driver/src/stm32f10x_usart.o
 .debug_aranges
                0x00000000000006e8       0x48 src/main.o
 .debug_aranges
                0x0000000000000730      0x1b8 src/stm32f10x_it.o
 .debug_aranges
                0x00000000000008e8       0x28 startup/startup_stm32.o

.debug_ranges   0x0000000000000000      0x888
 .debug_ranges  0x0000000000000000       0x30 StdPeriph_Driver/src/misc.o
 .debug_ranges  0x0000000000000030       0xe8 StdPeriph_Driver/src/stm32f10x_flash.o
 .debug_ranges  0x0000000000000118       0x98 StdPeriph_Driver/src/stm32f10x_gpio.o
 .debug_ranges  0x00000000000001b0      0x108 StdPeriph_Driver/src/stm32f10x_rcc.o
 .debug_ranges  0x00000000000002b8      0x2e0 StdPeriph_Driver/src/stm32f10x_tim.o
 .debug_ranges  0x0000000000000598       0xf0 StdPeriph_Driver/src/stm32f10x_usart.o
 .debug_ranges  0x0000000000000688       0x38 src/main.o
 .debug_ranges  0x00000000000006c0      0x1a8 src/stm32f10x_it.o
 .debug_ranges  0x0000000000000868       0x20 startup/startup_stm32.o

.debug_macro    0x0000000000000000     0xd684
 .debug_macro   0x0000000000000000      0x18b StdPeriph_Driver/src/misc.o
 .debug_macro   0x000000000000018b       0x56 StdPeriph_Driver/src/misc.o
 .debug_macro   0x00000000000001e1       0x22 StdPeriph_Driver/src/misc.o
 .debug_macro   0x0000000000000203      0x69f StdPeriph_Driver/src/misc.o
 .debug_macro   0x00000000000008a2     0x7dbe StdPeriph_Driver/src/misc.o
 .debug_macro   0x0000000000008660      0x2df StdPeriph_Driver/src/misc.o
 .debug_macro   0x000000000000893f      0x144 StdPeriph_Driver/src/misc.o
 .debug_macro   0x0000000000008a83      0x3cf StdPeriph_Driver/src/misc.o
 .debug_macro   0x0000000000008e52       0xc8 StdPeriph_Driver/src/misc.o
 .debug_macro   0x0000000000008f1a      0x17a StdPeriph_Driver/src/misc.o
 .debug_macro   0x0000000000009094       0xac StdPeriph_Driver/src/misc.o
 .debug_macro   0x0000000000009140      0x3ad StdPeriph_Driver/src/misc.o
 .debug_macro   0x00000000000094ed       0x9a StdPeriph_Driver/src/misc.o
 .debug_macro   0x0000000000009587      0x2cf StdPeriph_Driver/src/misc.o
 .debug_macro   0x0000000000009856      0x279 StdPeriph_Driver/src/misc.o
 .debug_macro   0x0000000000009acf      0x2ac StdPeriph_Driver/src/misc.o
 .debug_macro   0x0000000000009d7b      0x2b1 StdPeriph_Driver/src/misc.o
 .debug_macro   0x000000000000a02c       0x64 StdPeriph_Driver/src/misc.o
 .debug_macro   0x000000000000a090       0x82 StdPeriph_Driver/src/misc.o
 .debug_macro   0x000000000000a112      0x3e2 StdPeriph_Driver/src/misc.o
 .debug_macro   0x000000000000a4f4       0x58 StdPeriph_Driver/src/misc.o
 .debug_macro   0x000000000000a54c      0x341 StdPeriph_Driver/src/misc.o
 .debug_macro   0x000000000000a88d      0x2c4 StdPeriph_Driver/src/misc.o
 .debug_macro   0x000000000000ab51      0x711 StdPeriph_Driver/src/misc.o
 .debug_macro   0x000000000000b262      0x220 StdPeriph_Driver/src/misc.o
 .debug_macro   0x000000000000b482       0x34 StdPeriph_Driver/src/misc.o
 .debug_macro   0x000000000000b4b6       0x35 StdPeriph_Driver/src/misc.o
 .debug_macro   0x000000000000b4eb       0x85 StdPeriph_Driver/src/misc.o
 .debug_macro   0x000000000000b570      0x22d StdPeriph_Driver/src/stm32f10x_flash.o
 .debug_macro   0x000000000000b79d      0x2c9 StdPeriph_Driver/src/stm32f10x_flash.o
 .debug_macro   0x000000000000ba66      0x1d7 StdPeriph_Driver/src/stm32f10x_gpio.o
 .debug_macro   0x000000000000bc3d      0x2a6 StdPeriph_Driver/src/stm32f10x_gpio.o
 .debug_macro   0x000000000000bee3      0x2a1 StdPeriph_Driver/src/stm32f10x_rcc.o
 .debug_macro   0x000000000000c184      0x3dc StdPeriph_Driver/src/stm32f10x_rcc.o
 .debug_macro   0x000000000000c560      0x1a1 StdPeriph_Driver/src/stm32f10x_tim.o
 .debug_macro   0x000000000000c701      0x70b StdPeriph_Driver/src/stm32f10x_tim.o
 .debug_macro   0x000000000000ce0c      0x23d StdPeriph_Driver/src/stm32f10x_usart.o
 .debug_macro   0x000000000000d049      0x21a StdPeriph_Driver/src/stm32f10x_usart.o
 .debug_macro   0x000000000000d263      0x184 src/main.o
 .debug_macro   0x000000000000d3e7      0x118 src/main.o
 .debug_macro   0x000000000000d4ff      0x185 src/stm32f10x_it.o

.debug_line     0x0000000000000000     0x44de
 .debug_line    0x0000000000000000      0x5da StdPeriph_Driver/src/misc.o
 .debug_line    0x00000000000005da      0x858 StdPeriph_Driver/src/stm32f10x_flash.o
 .debug_line    0x0000000000000e32      0x75d StdPeriph_Driver/src/stm32f10x_gpio.o
 .debug_line    0x000000000000158f      0x859 StdPeriph_Driver/src/stm32f10x_rcc.o
 .debug_line    0x0000000000001de8      0xede StdPeriph_Driver/src/stm32f10x_tim.o
 .debug_line    0x0000000000002cc6      0x82b StdPeriph_Driver/src/stm32f10x_usart.o
 .debug_line    0x00000000000034f1      0x650 src/main.o
 .debug_line    0x0000000000003b41      0x927 src/stm32f10x_it.o
 .debug_line    0x0000000000004468       0x76 startup/startup_stm32.o

.debug_str      0x0000000000000000    0x50349
 .debug_str     0x0000000000000000    0x4cb3d StdPeriph_Driver/src/misc.o
                                      0x4cca9 (size before relaxing)
 .debug_str     0x000000000004cb3d      0x812 StdPeriph_Driver/src/stm32f10x_flash.o
                                      0x4d293 (size before relaxing)
 .debug_str     0x000000000004d34f      0x5a4 StdPeriph_Driver/src/stm32f10x_gpio.o
                                      0x4d021 (size before relaxing)
 .debug_str     0x000000000004d8f3      0xb59 StdPeriph_Driver/src/stm32f10x_rcc.o
                                      0x4d607 (size before relaxing)
 .debug_str     0x000000000004e44c      0xc15 StdPeriph_Driver/src/stm32f10x_tim.o
                                      0x4d725 (size before relaxing)
 .debug_str     0x000000000004f061      0x7f0 StdPeriph_Driver/src/stm32f10x_usart.o
                                      0x4d331 (size before relaxing)
 .debug_str     0x000000000004f851      0x704 src/main.o
                                      0x4d4f6 (size before relaxing)
 .debug_str     0x000000000004ff55      0x3f4 src/stm32f10x_it.o
                                      0x4ceae (size before relaxing)

.comment        0x0000000000000000       0x7f
 .comment       0x0000000000000000       0x7f StdPeriph_Driver/src/misc.o
                                         0x80 (size before relaxing)
 .comment       0x000000000000007f       0x80 StdPeriph_Driver/src/stm32f10x_flash.o
 .comment       0x000000000000007f       0x80 StdPeriph_Driver/src/stm32f10x_gpio.o
 .comment       0x000000000000007f       0x80 StdPeriph_Driver/src/stm32f10x_rcc.o
 .comment       0x000000000000007f       0x80 StdPeriph_Driver/src/stm32f10x_tim.o
 .comment       0x000000000000007f       0x80 StdPeriph_Driver/src/stm32f10x_usart.o
 .comment       0x000000000000007f       0x80 src/main.o
 .comment       0x000000000000007f       0x80 src/stm32f10x_it.o

.debug_frame    0x0000000000000000     0x2874
 .debug_frame   0x0000000000000000       0xd8 StdPeriph_Driver/src/misc.o
 .debug_frame   0x00000000000000d8      0x410 StdPeriph_Driver/src/stm32f10x_flash.o
 .debug_frame   0x00000000000004e8      0x2d0 StdPeriph_Driver/src/stm32f10x_gpio.o
 .debug_frame   0x00000000000007b8      0x4f4 StdPeriph_Driver/src/stm32f10x_rcc.o
 .debug_frame   0x0000000000000cac      0xe2c StdPeriph_Driver/src/stm32f10x_tim.o
 .debug_frame   0x0000000000001ad8      0x490 StdPeriph_Driver/src/stm32f10x_usart.o
 .debug_frame   0x0000000000001f68       0xe0 src/main.o
 .debug_frame   0x0000000000002048      0x66c src/stm32f10x_it.o
 .debug_frame   0x00000000000026b4       0x2c /home/andre/Ac6/SystemWorkbench/plugins/fr.ac6.mcu.externaltools.arm-none.linux64_1.15.0.201708311556/tools/compiler/bin/../lib/gcc/arm-none-eabi/6.3.1/../../../../arm-none-eabi/lib/thumb/v7-m/libc.a(lib_a-init.o)
 .debug_frame   0x00000000000026e0       0x5c /home/andre/Ac6/SystemWorkbench/plugins/fr.ac6.mcu.externaltools.arm-none.linux64_1.15.0.201708311556/tools/compiler/bin/../lib/gcc/arm-none-eabi/6.3.1/../../../../arm-none-eabi/lib/thumb/v7-m/libc.a(lib_a-__call_atexit.o)
 .debug_frame   0x000000000000273c       0x20 /home/andre/Ac6/SystemWorkbench/plugins/fr.ac6.mcu.externaltools.arm-none.linux64_1.15.0.201708311556/tools/compiler/bin/../lib/gcc/arm-none-eabi/6.3.1/../../../../arm-none-eabi/lib/thumb/v7-m/libc.a(lib_a-atexit.o)
 .debug_frame   0x000000000000275c       0x34 /home/andre/Ac6/SystemWorkbench/plugins/fr.ac6.mcu.externaltools.arm-none.linux64_1.15.0.201708311556/tools/compiler/bin/../lib/gcc/arm-none-eabi/6.3.1/../../../../arm-none-eabi/lib/thumb/v7-m/libc.a(lib_a-fini.o)
 .debug_frame   0x0000000000002790       0xb0 /home/andre/Ac6/SystemWorkbench/plugins/fr.ac6.mcu.externaltools.arm-none.linux64_1.15.0.201708311556/tools/compiler/bin/../lib/gcc/arm-none-eabi/6.3.1/../../../../arm-none-eabi/lib/thumb/v7-m/libc.a(lib_a-lock.o)
 .debug_frame   0x0000000000002840       0x34 /home/andre/Ac6/SystemWorkbench/plugins/fr.ac6.mcu.externaltools.arm-none.linux64_1.15.0.201708311556/tools/compiler/bin/../lib/gcc/arm-none-eabi/6.3.1/../../../../arm-none-eabi/lib/thumb/v7-m/libc.a(lib_a-__atexit.o)
